2026-02-12 04:24:44,730 - INFO - [br_ClaimHistory] Adding nd_auto_increment_id column...
2026-02-12 04:24:44,735 - INFO - [br_Account] Adding nd_auto_increment_id column...
2026-02-12 04:24:44,735 - INFO - [br_Payment] Adding nd_auto_increment_id column...
2026-02-12 04:24:44,760 - INFO - [LogAudit] Adding nd_auto_increment_id column...
2026-02-12 04:24:44,760 - INFO - [InsuranceCoverage] Adding nd_auto_increment_id column...
2026-02-12 04:24:44,856 - INFO - [br_ClaimHistory] Assigning sequential IDs to nd_auto_increment_id...
2026-02-12 04:24:44,982 - INFO - [br_Account] Assigning sequential IDs to nd_auto_increment_id...
2026-02-12 04:24:45,025 - INFO - [LogAudit] Assigning sequential IDs to nd_auto_increment_id...
2026-02-12 04:24:45,137 - INFO - [InsuranceCoverage] Assigning sequential IDs to nd_auto_increment_id...
2026-02-12 04:24:45,277 - INFO - [br_Payment] Assigning sequential IDs to nd_auto_increment_id...
2026-02-12 04:25:26,013 - ERROR - [InsuranceCoverage] ❌ Failed: (pymssql.exceptions.IntegrityError) (2627, b"Violation of UNIQUE KEY constraint 'UQ_InsuranceCoverageHistory_nd_auto_incid'. Cannot insert duplicate key in object 'dbo.InsuranceCoverageHistory'. The duplicate key value is (<NULL>).DB-Lib error message 20018, severity 14:\nGeneral SQL Server error: Check messages from the SQL Server\n")
[SQL: 
                WITH CTE AS (
                    SELECT *, ROW_NUMBER() OVER (ORDER BY (SELECT NULL)) AS rn
                    FROM [dbo].[InsuranceCoverage]
                )
                UPDATE CTE SET nd_auto_increment_id = rn;
            ]
(Background on this error at: https://sqlalche.me/e/20/gkpj)
2026-02-12 04:25:26,015 - ERROR - Table processing failed: (pymssql.exceptions.OperationalError) Cannot commit transaction: (3902, b'The COMMIT TRANSACTION request has no corresponding BEGIN TRANSACTION.DB-Lib error message 20018, severity 16:\nGeneral SQL Server error: Check messages from the SQL Server\n')
(Background on this error at: https://sqlalche.me/e/20/e3q8)
2026-02-12 04:25:26,026 - INFO - [OBX] Adding nd_auto_increment_id column...
2026-02-12 04:25:26,037 - INFO - [OBX] Assigning sequential IDs to nd_auto_increment_id...
2026-02-12 04:27:25,298 - ERROR - [LogAudit] ❌ Failed: (pymssql.exceptions.OperationalError) (20017, b'DB-Lib error message 20017, severity 9:\nUnexpected EOF from the server\n')
[SQL: 
                WITH CTE AS (
                    SELECT *, ROW_NUMBER() OVER (ORDER BY (SELECT NULL)) AS rn
                    FROM [dbo].[LogAudit]
                )
                UPDATE CTE SET nd_auto_increment_id = rn;
            ]
(Background on this error at: https://sqlalche.me/e/20/e3q8)
2026-02-12 04:27:25,298 - ERROR - Table processing failed: Can't reconnect until invalid transaction is rolled back.  Please rollback() fully before proceeding (Background on this error at: https://sqlalche.me/e/20/8s2b)
2026-02-12 04:27:25,918 - ERROR - [br_Payment] ❌ Failed: (pymssql.exceptions.OperationalError) (20017, b'DB-Lib error message 20017, severity 9:\nUnexpected EOF from the server\n')
[SQL: 
                WITH CTE AS (
                    SELECT *, ROW_NUMBER() OVER (ORDER BY (SELECT NULL)) AS rn
                    FROM [dbo].[br_Payment]
                )
                UPDATE CTE SET nd_auto_increment_id = rn;
            ]
(Background on this error at: https://sqlalche.me/e/20/e3q8)
2026-02-12 04:27:25,918 - ERROR - Table processing failed: Can't reconnect until invalid transaction is rolled back.  Please rollback() fully before proceeding (Background on this error at: https://sqlalche.me/e/20/8s2b)
2026-02-12 04:27:30,013 - ERROR - [br_ClaimHistory] ❌ Failed: (pymssql.exceptions.OperationalError) (20017, b'DB-Lib error message 20017, severity 9:\nUnexpected EOF from the server\n')
[SQL: 
                WITH CTE AS (
                    SELECT *, ROW_NUMBER() OVER (ORDER BY (SELECT NULL)) AS rn
                    FROM [dbo].[br_ClaimHistory]
                )
                UPDATE CTE SET nd_auto_increment_id = rn;
            ]
(Background on this error at: https://sqlalche.me/e/20/e3q8)
2026-02-12 04:27:30,013 - ERROR - Table processing failed: Can't reconnect until invalid transaction is rolled back.  Please rollback() fully before proceeding (Background on this error at: https://sqlalche.me/e/20/8s2b)
2026-02-12 04:27:36,814 - ERROR - [OBX] ❌ Failed: (pymssql.exceptions.OperationalError) (20017, b'DB-Lib error message 20017, severity 9:\nUnexpected EOF from the server\n')
[SQL: 
                WITH CTE AS (
                    SELECT *, ROW_NUMBER() OVER (ORDER BY (SELECT NULL)) AS rn
                    FROM [dbo].[OBX]
                )
                UPDATE CTE SET nd_auto_increment_id = rn;
            ]
(Background on this error at: https://sqlalche.me/e/20/e3q8)
2026-02-12 04:27:36,814 - ERROR - Table processing failed: Can't reconnect until invalid transaction is rolled back.  Please rollback() fully before proceeding (Background on this error at: https://sqlalche.me/e/20/8s2b)
2026-02-12 04:27:42,469 - ERROR - Table processing failed: (pymssql.exceptions.OperationalError) (20004, b'DB-Lib error message 20004, severity 9:\nRead from the server failed (localhost)\nNet-Lib error during Connection reset by peer (54)\nDB-Lib error message 20002, severity 9:\nAdaptive Server connection failed (localhost)\nDB-Lib error message 20002, severity 9:\nAdaptive Server connection failed (localhost)\n')
(Background on this error at: https://sqlalche.me/e/20/e3q8)
2026-02-12 04:36:27,923 - INFO - [br_Payment] Adding nd_auto_increment_id column...
2026-02-12 04:36:27,927 - INFO - [br_Payment] Assigning sequential IDs to nd_auto_increment_id...
2026-02-12 04:39:02,605 - ERROR - [br_Payment] ❌ Failed: (pymssql.exceptions.OperationalError) (213, b'Column name or number of supplied values does not match table definition.DB-Lib error message 20018, severity 16:\nGeneral SQL Server error: Check messages from the SQL Server\n')
[SQL: 
                WITH CTE AS (
                    SELECT *, ROW_NUMBER() OVER (ORDER BY (SELECT NULL)) AS rn
                    FROM [dbo].[br_Payment]
                )
                UPDATE CTE SET nd_auto_increment_id = rn;
            ]
(Background on this error at: https://sqlalche.me/e/20/e3q8)
2026-02-12 04:39:02,607 - ERROR - Table processing failed: (pymssql.exceptions.OperationalError) Cannot commit transaction: (3902, b'The COMMIT TRANSACTION request has no corresponding BEGIN TRANSACTION.DB-Lib error message 20018, severity 16:\nGeneral SQL Server error: Check messages from the SQL Server\n')
(Background on this error at: https://sqlalche.me/e/20/e3q8)
2026-02-12 04:39:02,610 - INFO - [LogAudit] Adding nd_auto_increment_id column...
2026-02-12 04:39:02,612 - INFO - [LogAudit] Assigning sequential IDs to nd_auto_increment_id...
2026-02-12 05:25:57,376 - INFO - [LogAudit] IDs assigned successfully.
2026-02-12 05:25:57,377 - INFO - [LogAudit] Adding UNIQUE on nd_auto_increment_id...
2026-02-12 05:28:21,019 - ERROR - [LogAudit] ❌ Failed: (pymssql.exceptions.OperationalError) (1505, b"The CREATE UNIQUE INDEX statement terminated because a duplicate key was found for the object name 'dbo.LogAudit' and the index name 'UQ_LogAudit_nd_auto_incid'. The duplicate key value is (<NULL>).DB-Lib error message 20018, severity 16:\nGeneral SQL Server error: Check messages from the SQL Server\nDB-Lib error message 20018, severity 16:\nGeneral SQL Server error: Check messages from the SQL Server\n")
[SQL: ALTER TABLE [dbo].[LogAudit] ADD CONSTRAINT UQ_LogAudit_nd_auto_incid UNIQUE (nd_auto_increment_id);]
(Background on this error at: https://sqlalche.me/e/20/e3q8)
2026-02-12 05:28:21,023 - ERROR - Table processing failed: (pymssql.exceptions.OperationalError) Cannot commit transaction: (3902, b'The COMMIT TRANSACTION request has no corresponding BEGIN TRANSACTION.DB-Lib error message 20018, severity 16:\nGeneral SQL Server error: Check messages from the SQL Server\n')
(Background on this error at: https://sqlalche.me/e/20/e3q8)
2026-02-12 05:28:21,026 - INFO - [InsuranceCoverage] Adding nd_auto_increment_id column...
2026-02-12 05:28:24,442 - INFO - [InsuranceCoverage] Assigning sequential IDs to nd_auto_increment_id...
2026-02-12 05:29:33,922 - ERROR - [InsuranceCoverage] ❌ Failed: (pymssql.exceptions.OperationalError) (20017, b'DB-Lib error message 20017, severity 9:\nUnexpected EOF from the server\n')
[SQL: 
                WITH CTE AS (
                    SELECT *, ROW_NUMBER() OVER (ORDER BY (SELECT NULL)) AS rn
                    FROM [dbo].[InsuranceCoverage]
                )
                UPDATE CTE SET nd_auto_increment_id = rn;
            ]
(Background on this error at: https://sqlalche.me/e/20/e3q8)
2026-02-12 05:29:33,924 - ERROR - Table processing failed: Can't reconnect until invalid transaction is rolled back.  Please rollback() fully before proceeding (Background on this error at: https://sqlalche.me/e/20/8s2b)
2026-02-12 05:30:03,930 - ERROR - Table processing failed: (pymssql.exceptions.OperationalError) (20004, b'DB-Lib error message 20004, severity 9:\nRead from the server failed (localhost)\nNet-Lib error during Connection reset by peer (54)\nDB-Lib error message 20002, severity 9:\nAdaptive Server connection failed (localhost)\nDB-Lib error message 20002, severity 9:\nAdaptive Server connection failed (localhost)\n')
(Background on this error at: https://sqlalche.me/e/20/e3q8)
2026-02-12 05:30:32,001 - ERROR - Table processing failed: (pymssql.exceptions.OperationalError) (20004, b'DB-Lib error message 20017, severity 9:\nUnexpected EOF from the server (localhost)\nDB-Lib error message 20002, severity 9:\nAdaptive Server connection failed (localhost)\nDB-Lib error message 20002, severity 9:\nAdaptive Server connection failed (localhost)\n')
(Background on this error at: https://sqlalche.me/e/20/e3q8)
